Generating SCIP start...
rust-analyzer: Loading discovering sysroot
2026-08-16T15:35:01.924691-05:00 ERROR can't load standard library, try installing `rust-src` sysroot_path=/Users/michael.pursifull/.rustup/toolchains/stable-aarch64-apple-darwin
rust-analyzer: Loading querying project metadata
rust-analyzer: Loading cargo metadata: started
rust-analyzer: Loading cargo metadata: ?
rust-analyzer: Loading cargo metadata: ?
rust-analyzer: Loading cargo metadata: ?
rust-analyzer: Loading cargo metadata: finished
rust-analyzer: Loading build script proc-macro2 run
rust-analyzer: Loading build script quote run
rust-analyzer: Loading build script zmij run
rust-analyzer: Loading build script serde run
rust-analyzer: Loading build script libc run
rust-analyzer: Loading build script rustix run
rust-analyzer: Loading build script getrandom run
rust-analyzer: Loading build script anyhow run
rust-analyzer: Loading proc-macro time-macros built
rust-analyzer: Loading build script serde_json run
rust-analyzer: Loading build script serde_core run
rust-analyzer: Loading build script generic-array run
rust-analyzer: Loading proc-macro serde_derive built
rust-analyzer: Loading proc-macro clap_derive built
2026-08-16T15:35:02.484816-05:00 ERROR Encountered enclosing definition with no name def=Module(Module { id: ModuleIdLt { [salsa id]: Id(a812) } })

Encountered duplicate scip symbols, indicating an internal rust-analyzer bug. These duplicates are
included in the output, but this causes information lookup to be ambiguous and so information about
these symbols presented by downstream tools may be incorrect.

Known rust-analyzer bugs that can cause this:

  * Definitions in crate example binaries which have the same symbol as definitions in the library
    or some other example.

  * Struct/enum/const/static/impl definitions nested in a function do not mention the function name.
    See #18771.

Duplicate symbols encountered:

crates/beadle/src/main.rs:0:0-139:0
  Duplicate symbol: rust-analyzer cargo beadle 0.1.0 crate/

Generating SCIP finished 741.486416ms
        0.77 real         1.15 user         0.74 sys
           297271296  maximum resident set size
                   0  average shared memory size
                   0  average unshared data size
                   0  average unshared stack size
               63161  page reclaims
                   0  page faults
                   0  swaps
                   0  block input operations
                   0  block output operations
                   0  messages sent
                   0  messages received
                   1  signals received
                  43  voluntary context switches
                4026  involuntary context switches
         14349700414  instructions retired
          5534698694  cycles elapsed
           263127856  peak memory footprint
