Generating SCIP start...
rust-analyzer: Loading discovering sysroot
rust-analyzer: Loading querying project metadata
rust-analyzer: Loading cargo metadata: started
rust-analyzer: Loading cargo metadata: ?
rust-analyzer: Loading cargo metadata: ?
rust-analyzer: Loading cargo metadata: ?
rust-analyzer: Loading cargo metadata: started
rust-analyzer: Loading cargo metadata: ?
rust-analyzer: Loading cargo metadata: ?
rust-analyzer: Loading cargo metadata: ?
rust-analyzer: Loading cargo metadata: ?
rust-analyzer: Loading cargo metadata: ?
rust-analyzer: Loading cargo metadata: ?
rust-analyzer: Loading cargo metadata: finished
rust-analyzer: Loading cargo metadata: finished
rust-analyzer: Loading build script proc-macro2 run
rust-analyzer: Loading build script quote run
rust-analyzer: Loading build script serde_core run
rust-analyzer: Loading build script serde run
rust-analyzer: Loading build script zmij run
rust-analyzer: Loading build script libc run
rust-analyzer: Loading build script serde_json run
rust-analyzer: Loading build script thiserror run
rust-analyzer: Loading build script num-traits run
rust-analyzer: Loading build script schemars run
rust-analyzer: Loading build script proc-macro2-diagnostics run
rust-analyzer: Loading proc-macro serde_derive built
rust-analyzer: Loading proc-macro thiserror-impl built
rust-analyzer: Loading build script paste run
rust-analyzer: Loading proc-macro schemars_derive built
rust-analyzer: Loading build script icu_properties_data run
rust-analyzer: Loading proc-macro yoke-derive built
rust-analyzer: Loading proc-macro zerofrom-derive built
rust-analyzer: Loading build script icu_normalizer_data run
rust-analyzer: Loading build script generic-array run
rust-analyzer: Loading build script assert_cmd run
rust-analyzer: Loading build script anyhow run
rust-analyzer: Loading build script getrandom run
rust-analyzer: Loading build script thiserror run
rust-analyzer: Loading build script httparse run
rust-analyzer: Loading build script prettyplease run
rust-analyzer: Loading build script parking_lot_core run
rust-analyzer: Loading proc-macro paste built
rust-analyzer: Loading proc-macro pear_codegen built
rust-analyzer: Loading build script rustix run
rust-analyzer: Loading build script aws-lc-sys run
rust-analyzer: Loading build script serde_core run
rust-analyzer: Loading proc-macro thiserror-impl built
rust-analyzer: Loading build script uncased run
rust-analyzer: Loading proc-macro zerovec-derive built
rust-analyzer: Loading proc-macro clap_derive built
rust-analyzer: Loading build script figment run
rust-analyzer: Loading proc-macro tokio-macros built
rust-analyzer: Loading proc-macro tracing-attributes built
rust-analyzer: Loading proc-macro futures-macro built
rust-analyzer: Loading proc-macro displaydoc built
rust-analyzer: Loading proc-macro typify-macro built
rust-analyzer: Loading build script aws-lc-rs run
rust-analyzer: Loading build script rustls run
rust-analyzer: Loading proc-macro progenitor-macro built
rust-analyzer: Loading build script bloomctl-sdk run
2026-08-16T15:37:13.14585-05:00 ERROR Encountered enclosing definition with no name def=Module(Module { id: ModuleIdLt { [salsa id]: Id(23d03) } })
2026-08-16T15:37:13.173603-05:00 ERROR Encountered enclosing definition with no name def=Module(Module { id: ModuleIdLt { [salsa id]: Id(23d0e) } })
2026-08-16T15:37:13.625618-05:00 ERROR Encountered enclosing definition with no name def=Module(Module { id: ModuleIdLt { [salsa id]: Id(2417b) } })
2026-08-16T15:37:13.644564-05:00 ERROR Encountered enclosing definition with no name def=Module(Module { id: ModuleIdLt { [salsa id]: Id(2417a) } })
2026-08-16T15:37:15.07467-05:00 ERROR Bug: definition at crates/bloomctl-sdk/src/error.rs:2:2-2:22 should have been in an SCIP document but was not.
2026-08-16T15:37:15.074724-05:00 ERROR Bug: definition at crates/bloomctl-sdk/src/client.rs:51:23-51:30 should have been in an SCIP document but was not.
2026-08-16T15:37:15.074759-05:00 ERROR Bug: definition at crates/bloomctl-sdk/src/spec.rs:40:9-40:14 should have been in an SCIP document but was not.
2026-08-16T15:37:15.07479-05:00 ERROR Bug: definition at crates/bloomctl-sdk/src/error.rs:2:2-2:22 should have been in an SCIP document but was not.

Encountered duplicate scip symbols, indicating an internal rust-analyzer bug. These duplicates are
included in the output, but this causes information lookup to be ambiguous and so information about
these symbols presented by downstream tools may be incorrect.

Known rust-analyzer bugs that can cause this:

  * Definitions in crate example binaries which have the same symbol as definitions in the library
    or some other example.

  * Struct/enum/const/static/impl definitions nested in a function do not mention the function name.
    See #18771.

Duplicate symbols encountered:

crates/bloomctl-cli/tests/version.rs:0:0-23:0
  Duplicate symbol: rust-analyzer cargo bloomctl-cli 0.0.1 crate/

crates/bloomctl-cli/tests/get_search_limit_since.rs:0:0-174:0
  Duplicate symbol: rust-analyzer cargo bloomctl-cli 0.0.1 crate/

crates/bloomctl-cli/tests/filter.rs:0:0-210:0
  Duplicate symbol: rust-analyzer cargo bloomctl-cli 0.0.1 crate/

crates/bloomctl-cli/tests/enrich.rs:0:0-289:0
  Duplicate symbol: rust-analyzer cargo bloomctl-cli 0.0.1 crate/

crates/bloomctl-cli/tests/enrich.rs:11:3-11:10
  Duplicate symbol: rust-analyzer cargo bloomctl-cli 0.0.1 fixture().

crates/bloomctl-cli/tests/emit.rs:0:0-104:0
  Duplicate symbol: rust-analyzer cargo bloomctl-cli 0.0.1 crate/

crates/bloomctl-cli/tests/auth_chain.rs:0:0-456:0
  Duplicate symbol: rust-analyzer cargo bloomctl-cli 0.0.1 crate/

crates/bloomctl-cli/tests/auth_chain.rs:11:7-11:22
  Duplicate symbol: rust-analyzer cargo bloomctl-cli 0.0.1 TEMPDIR_COUNTER.

crates/bloomctl-cli/tests/auth_chain.rs:13:3-13:10
  Duplicate symbol: rust-analyzer cargo bloomctl-cli 0.0.1 tempdir().

crates/bloomctl-cli/tests/auth_chain.rs:26:3-26:6
  Duplicate symbol: rust-analyzer cargo bloomctl-cli 0.0.1 cmd().

crates/bloomctl-cli/tests/audit_v2.rs:0:0-340:0
  Duplicate symbol: rust-analyzer cargo bloomctl-cli 0.0.1 crate/

crates/bloomctl-cli/tests/audit_v2.rs:18:3-18:15
  Duplicate symbol: rust-analyzer cargo bloomctl-cli 0.0.1 fixture_path().

crates/bloomctl-cli/tests/audit_v2.rs:22:3-22:10
  Duplicate symbol: rust-analyzer cargo bloomctl-cli 0.0.1 fixture().

crates/bloomctl-cli/tests/audit_v2.rs:28:7-28:22
  Duplicate symbol: rust-analyzer cargo bloomctl-cli 0.0.1 TEMPDIR_COUNTER.

crates/bloomctl-cli/tests/audit_v2.rs:30:3-30:10
  Duplicate symbol: rust-analyzer cargo bloomctl-cli 0.0.1 tempdir().

crates/bloomctl-cli/tests/audit_v2.rs:43:3-43:19
  Duplicate symbol: rust-analyzer cargo bloomctl-cli 0.0.1 read_audit_lines().

crates/bloomctl-cli/src/main.rs:0:0-1854:0
  Duplicate symbol: rust-analyzer cargo bloomctl-cli 0.0.1 crate/

crates/bloomctl-cli/src/main.rs:501:29-501:39
  Duplicate symbol: rust-analyzer cargo bloomctl-cli 0.0.1 run_filter().

crates/bloomctl-cli/src/main.rs:502:29-502:39
  Duplicate symbol: rust-analyzer cargo bloomctl-cli 0.0.1 run_enrich().

crates/bloomctl-sdk/src/lib.rs:0:0-47:0
  Duplicate symbol: rust-analyzer cargo bloomctl-sdk 0.0.1 crate/

Generating SCIP finished 7.840436875s
        8.02 real         8.59 user         4.48 sys
          1754251264  maximum resident set size
                   0  average shared memory size
                   0  average unshared data size
                   0  average unshared stack size
              193296  page reclaims
                  79  page faults
                   0  swaps
                   0  block input operations
                   0  block output operations
                   0  messages sent
                   0  messages received
                   1  signals received
                6359  voluntary context switches
               25936  involuntary context switches
        107450125791  instructions retired
         41464456840  cycles elapsed
          1720452992  peak memory footprint
