Generating SCIP start...
rust-analyzer: Loading discovering sysroot
rust-analyzer: Loading querying project metadata
rust-analyzer: Loading cargo metadata: started
rust-analyzer: Loading cargo metadata: ?
rust-analyzer: Loading cargo metadata: ?
rust-analyzer: Loading cargo metadata: ?
rust-analyzer: Loading cargo metadata: started
rust-analyzer: Loading cargo metadata: ?
rust-analyzer: Loading cargo metadata: ?
rust-analyzer: Loading cargo metadata: ?
rust-analyzer: Loading cargo metadata: finished
rust-analyzer: Loading cargo metadata: finished
Generating SCIP finished 4.554683084s
        4.60 real         2.15 user         2.42 sys
           583024640  maximum resident set size
                   0  average shared memory size
                   0  average unshared data size
                   0  average unshared stack size
              122442  page reclaims
                 878  page faults
                   0  swaps
                   0  block input operations
                   0  block output operations
                  28  messages sent
                 391  messages received
                   1  signals received
                 310  voluntary context switches
               17115  involuntary context switches
         27284665226  instructions retired
          8339629116  cycles elapsed
           551846968  peak memory footprint
