Generating SCIP start...
rust-analyzer: Loading discovering sysroot
rust-analyzer: Loading querying project metadata
rust-analyzer: Loading cargo metadata: started
rust-analyzer: Loading cargo metadata: started
rust-analyzer: Loading cargo metadata: ?
rust-analyzer: Loading cargo metadata: ?
rust-analyzer: Loading cargo metadata: ?
rust-analyzer: Loading cargo metadata: ?
rust-analyzer: Loading cargo metadata: ?
rust-analyzer: Loading cargo metadata: ?
rust-analyzer: Loading cargo metadata: ?
rust-analyzer: Loading cargo metadata: ?
rust-analyzer: Loading cargo metadata: ?
rust-analyzer: Loading cargo metadata: ?
rust-analyzer: Loading cargo metadata: ?
rust-analyzer: Loading cargo metadata: finished
rust-analyzer: Loading cargo metadata: finished
rust-analyzer: Loading build script proc-macro2 run
rust-analyzer: Loading build script quote run
rust-analyzer: Loading build script instability run
rust-analyzer: Loading build script rustversion run
rust-analyzer: Loading proc-macro indoc built
rust-analyzer: Loading build script num-traits run
rust-analyzer: Loading build script ring run
rust-analyzer: Loading build script zmij run
rust-analyzer: Loading build script signal-hook run
rust-analyzer: Loading build script thiserror run
rust-analyzer: Loading build script serde_core run
rust-analyzer: Loading build script anyhow run
rust-analyzer: Loading proc-macro palette_derive built
rust-analyzer: Loading build script httparse run
rust-analyzer: Loading proc-macro derive_more-impl built
rust-analyzer: Loading proc-macro tokio-macros built
rust-analyzer: Loading proc-macro serde_derive built
rust-analyzer: Loading proc-macro thiserror-impl built
rust-analyzer: Loading build script ref-cast run
rust-analyzer: Loading proc-macro bytemuck_derive built
rust-analyzer: Loading proc-macro strum_macros built
rust-analyzer: Loading build script radium run
rust-analyzer: Loading build script parking_lot_core run
rust-analyzer: Loading proc-macro ref-cast-impl built
rust-analyzer: Loading build script thiserror run
rust-analyzer: Loading proc-macro darling_macro built
rust-analyzer: Loading proc-macro yoke-derive built
rust-analyzer: Loading proc-macro zerofrom-derive built
rust-analyzer: Loading proc-macro thiserror-impl built
rust-analyzer: Loading proc-macro clap_derive built
rust-analyzer: Loading proc-macro displaydoc built
rust-analyzer: Loading build script rustls run
rust-analyzer: Loading proc-macro zerovec-derive built
rust-analyzer: Loading build script icu_normalizer_data run
rust-analyzer: Loading build script rayon-core run
rust-analyzer: Loading build script crossbeam-epoch run
rust-analyzer: Loading build script zerocopy run
rust-analyzer: Loading build script palette run
rust-analyzer: Loading build script ratatui-image run
rust-analyzer: Loading build script rustix run
rust-analyzer: Loading build script libm run
rust-analyzer: Loading build script crossbeam-utils run
rust-analyzer: Loading proc-macro rustversion built
rust-analyzer: Loading build script crc32fast run
rust-analyzer: Loading build script serde_json run
rust-analyzer: Loading build script libc run
rust-analyzer: Loading build script serde run
rust-analyzer: Loading build script num-traits run
rust-analyzer: Loading build script icu_properties_data run
rust-analyzer: Loading build script getrandom run
rust-analyzer: Loading proc-macro document-features built
rust-analyzer: Loading build script rustix run
rust-analyzer: Loading proc-macro instability built
rust-analyzer: Loading build script forestage run
2026-08-16T15:37:01.092365-05:00 ERROR Encountered enclosing definition with no name def=Module(Module { id: ModuleIdLt { [salsa id]: Id(8dab) } })
2026-08-16T15:37:01.092958-05:00 ERROR Encountered enclosing definition with no name def=Module(Module { id: ModuleIdLt { [salsa id]: Id(8dab) } })
2026-08-16T15:37:01.149674-05:00 ERROR Encountered enclosing definition with no name def=Module(Module { id: ModuleIdLt { [salsa id]: Id(e199) } })
2026-08-16T15:37:01.150084-05:00 ERROR Encountered enclosing definition with no name def=Module(Module { id: ModuleIdLt { [salsa id]: Id(e199) } })
2026-08-16T15:37:01.150195-05:00 ERROR Encountered enclosing definition with no name def=Module(Module { id: ModuleIdLt { [salsa id]: Id(e199) } })
2026-08-16T15:37:01.155109-05:00 ERROR Encountered enclosing definition with no name def=Module(Module { id: ModuleIdLt { [salsa id]: Id(e199) } })
2026-08-16T15:37:01.221272-05:00 ERROR Encountered enclosing definition with no name def=Module(Module { id: ModuleIdLt { [salsa id]: Id(8dab) } })
2026-08-16T15:37:01.221742-05:00 ERROR Encountered enclosing definition with no name def=Module(Module { id: ModuleIdLt { [salsa id]: Id(8dab) } })
2026-08-16T15:37:01.224064-05:00 ERROR Encountered enclosing definition with no name def=Module(Module { id: ModuleIdLt { [salsa id]: Id(e1a3) } })
2026-08-16T15:37:01.329792-05:00 ERROR Encountered enclosing definition with no name def=Module(Module { id: ModuleIdLt { [salsa id]: Id(939a) } })
2026-08-16T15:37:01.350733-05:00 ERROR Encountered enclosing definition with no name def=Module(Module { id: ModuleIdLt { [salsa id]: Id(4e8f9) } })
2026-08-16T15:37:01.350852-05:00 ERROR Encountered enclosing definition with no name def=Module(Module { id: ModuleIdLt { [salsa id]: Id(4e8f9) } })
2026-08-16T15:37:01.350956-05:00 ERROR Encountered enclosing definition with no name def=Module(Module { id: ModuleIdLt { [salsa id]: Id(4e8f9) } })
2026-08-16T15:37:01.358076-05:00 ERROR Encountered enclosing definition with no name def=Module(Module { id: ModuleIdLt { [salsa id]: Id(4e8f9) } })
2026-08-16T15:37:01.566581-05:00 ERROR Encountered enclosing definition with no name def=Module(Module { id: ModuleIdLt { [salsa id]: Id(4e902) } })
2026-08-16T15:37:01.566652-05:00 ERROR Encountered enclosing definition with no name def=Module(Module { id: ModuleIdLt { [salsa id]: Id(4e902) } })
2026-08-16T15:37:01.566702-05:00 ERROR Encountered enclosing definition with no name def=Module(Module { id: ModuleIdLt { [salsa id]: Id(4e902) } })
2026-08-16T15:37:01.672571-05:00 ERROR Bug: definition at src/config.rs:134:23-134:30 should have been in an SCIP document but was not.
2026-08-16T15:37:01.672629-05:00 ERROR Bug: definition at src/config.rs:164:16-164:21 should have been in an SCIP document but was not.
2026-08-16T15:37:01.672646-05:00 ERROR Bug: definition at src/protocol.rs:91:16-91:23 should have been in an SCIP document but was not.

Encountered duplicate scip symbols, indicating an internal rust-analyzer bug. These duplicates are
included in the output, but this causes information lookup to be ambiguous and so information about
these symbols presented by downstream tools may be incorrect.

Known rust-analyzer bugs that can cause this:

  * Definitions in crate example binaries which have the same symbol as definitions in the library
    or some other example.

  * Struct/enum/const/static/impl definitions nested in a function do not mention the function name.
    See #18771.

Duplicate symbols encountered:

tests/persona_cli.rs:0:0-111:0
  Duplicate symbol: rust-analyzer cargo forestage 0.1.0 crate/

src/main.rs:0:0-789:0
  Duplicate symbol: rust-analyzer cargo forestage 0.1.0 crate/

src/main.rs:289:3-289:7
  Duplicate symbol: rust-analyzer cargo forestage 0.1.0 main().

src/lib.rs:0:0-17:0
  Duplicate symbol: rust-analyzer cargo forestage 0.1.0 crate/

Generating SCIP finished 14.437044917s
       14.68 real        10.55 user         4.42 sys
          2263023616  maximum resident set size
                   0  average shared memory size
                   0  average unshared data size
                   0  average unshared stack size
              253641  page reclaims
                 571  page faults
                   0  swaps
                   0  block input operations
                   0  block output operations
                   0  messages sent
                   0  messages received
                   2  signals received
               10665  voluntary context switches
               34338  involuntary context switches
        132117854638  instructions retired
         46926324277  cycles elapsed
          2132035816  peak memory footprint
