Generating SCIP start...
rust-analyzer: Loading discovering sysroot
rust-analyzer: Loading querying project metadata
rust-analyzer: Loading cargo metadata: started
rust-analyzer: Loading cargo metadata: ?
rust-analyzer: Loading cargo metadata: ?
rust-analyzer: Loading cargo metadata: ?
rust-analyzer: Loading cargo metadata: started
rust-analyzer: Loading cargo metadata: ?
rust-analyzer: Loading cargo metadata: ?
rust-analyzer: Loading cargo metadata: ?
rust-analyzer: Loading cargo metadata: finished
rust-analyzer: Loading cargo metadata: finished
rust-analyzer: Loading build script proc-macro2 run
rust-analyzer: Loading build script quote run
rust-analyzer: Loading build script serde_json run
rust-analyzer: Loading build script rustix run
rust-analyzer: Loading build script getrandom run
rust-analyzer: Loading build script num-traits run
rust-analyzer: Loading build script libc run
rust-analyzer: Loading build script httparse run
rust-analyzer: Loading build script typenum run
rust-analyzer: Loading build script serde run
rust-analyzer: Loading build script icu_normalizer_data run
rust-analyzer: Loading build script generic-array run
rust-analyzer: Loading build script zmij run
rust-analyzer: Loading build script thiserror run
rust-analyzer: Loading build script icu_properties_data run
rust-analyzer: Loading build script anyhow run
rust-analyzer: Loading build script serde_core run
rust-analyzer: Loading build script ring run
rust-analyzer: Loading proc-macro serde_derive built
rust-analyzer: Loading proc-macro thiserror-impl built
rust-analyzer: Loading proc-macro clap_derive built
rust-analyzer: Loading proc-macro displaydoc built
rust-analyzer: Loading proc-macro zerovec-derive built
rust-analyzer: Loading build script rustls run
rust-analyzer: Loading proc-macro yoke-derive built
rust-analyzer: Loading proc-macro zerofrom-derive built
rust-analyzer: Loading build script kos run
2026-08-16T15:36:36.943653-05:00 ERROR Encountered enclosing definition with no name def=Module(Module { id: ModuleIdLt { [salsa id]: Id(23d17) } })
2026-08-16T15:36:37.410154-05:00 ERROR Bug: definition at src/model.rs:59:23-59:32 should have been in an SCIP document but was not.
2026-08-16T15:36:37.410238-05:00 ERROR Bug: definition at src/model.rs:88:23-88:32 should have been in an SCIP document but was not.
2026-08-16T15:36:37.410251-05:00 ERROR Bug: definition at src/model.rs:374:16-374:21 should have been in an SCIP document but was not.
2026-08-16T15:36:37.410268-05:00 ERROR Bug: definition at src/model.rs:157:16-157:21 should have been in an SCIP document but was not.
2026-08-16T15:36:37.410279-05:00 ERROR Bug: definition at src/model.rs:88:16-88:21 should have been in an SCIP document but was not.
2026-08-16T15:36:37.410288-05:00 ERROR Bug: definition at src/model.rs:416:23-416:32 should have been in an SCIP document but was not.
2026-08-16T15:36:37.410301-05:00 ERROR Bug: definition at src/model.rs:416:16-416:21 should have been in an SCIP document but was not.
2026-08-16T15:36:37.410318-05:00 ERROR Bug: definition at src/model.rs:59:16-59:21 should have been in an SCIP document but was not.

Encountered duplicate scip symbols, indicating an internal rust-analyzer bug. These duplicates are
included in the output, but this causes information lookup to be ambiguous and so information about
these symbols presented by downstream tools may be incorrect.

Known rust-analyzer bugs that can cause this:

  * Definitions in crate example binaries which have the same symbol as definitions in the library
    or some other example.

  * Struct/enum/const/static/impl definitions nested in a function do not mention the function name.
    See #18771.

Duplicate symbols encountered:

tests/validate_scoping.rs:0:0-121:0
  Duplicate symbol: rust-analyzer cargo kos 0.1.0 crate/

tests/lenient_edge_loading.rs:0:0-116:0
  Duplicate symbol: rust-analyzer cargo kos 0.1.0 crate/

tests/lenient_edge_loading.rs:17:3-17:8
  Duplicate symbol: rust-analyzer cargo kos 0.1.0 write().

tests/lenient_edge_loading.rs:24:3-24:10
  Duplicate symbol: rust-analyzer cargo kos 0.1.0 fixture().

src/main.rs:0:0-586:0
  Duplicate symbol: rust-analyzer cargo kos 0.1.0 crate/

src/main.rs:235:3-235:7
  Duplicate symbol: rust-analyzer cargo kos 0.1.0 main().

src/lib.rs:0:0-19:0
  Duplicate symbol: rust-analyzer cargo kos 0.1.0 crate/

Generating SCIP finished 3.334356208s
        3.49 real         5.45 user         3.47 sys
          1331331072  maximum resident set size
                   0  average shared memory size
                   0  average unshared data size
                   0  average unshared stack size
              147783  page reclaims
                   0  page faults
                   0  swaps
                   0  block input operations
                   0  block output operations
                   0  messages sent
                   0  messages received
                   1  signals received
                 295  voluntary context switches
               15180  involuntary context switches
         74872256843  instructions retired
         29685042842  cycles elapsed
          1297368648  peak memory footprint
