Generating SCIP start...
rust-analyzer: Loading discovering sysroot
rust-analyzer: Loading querying project metadata
rust-analyzer: Loading cargo metadata: started
rust-analyzer: Loading cargo metadata: ?
rust-analyzer: Loading cargo metadata: ?
rust-analyzer: Loading cargo metadata: ?
rust-analyzer: Loading cargo metadata: started
rust-analyzer: Loading cargo metadata: ?
rust-analyzer: Loading cargo metadata: ?
rust-analyzer: Loading cargo metadata: ?
rust-analyzer: Loading cargo metadata: ?
rust-analyzer: Loading cargo metadata: ?
rust-analyzer: Loading cargo metadata: ?
rust-analyzer: Loading cargo metadata: ?
rust-analyzer: Loading cargo metadata: ?
rust-analyzer: Loading cargo metadata: finished
rust-analyzer: Loading cargo metadata: finished
rust-analyzer: Loading build script serde_json run
rust-analyzer: Loading build script schemars run
rust-analyzer: Loading build script zmij run
rust-analyzer: Loading build script quote run
rust-analyzer: Loading build script serde run
rust-analyzer: Loading build script serde_core run
rust-analyzer: Loading build script proc-macro2 run
rust-analyzer: Loading build script libc run
rust-analyzer: Loading build script thiserror run
rust-analyzer: Loading build script num-traits run
rust-analyzer: Loading build script proc-macro2-diagnostics run
rust-analyzer: Loading build script icu_normalizer_data run
rust-analyzer: Loading build script getrandom run
rust-analyzer: Loading build script thiserror run
rust-analyzer: Loading build script prettyplease run
rust-analyzer: Loading proc-macro pastey built
rust-analyzer: Loading build script icu_properties_data run
rust-analyzer: Loading build script parking_lot_core run
rust-analyzer: Loading build script serde_core run
rust-analyzer: Loading build script httparse run
rust-analyzer: Loading build script rustix run
rust-analyzer: Loading build script anyhow run
rust-analyzer: Loading proc-macro pear_codegen built
rust-analyzer: Loading build script sidestep-sdk run
rust-analyzer: Loading proc-macro tokio-macros built
rust-analyzer: Loading proc-macro yoke-derive built
rust-analyzer: Loading build script assert_cmd run
rust-analyzer: Loading proc-macro thiserror-impl built
rust-analyzer: Loading proc-macro thiserror-impl built
rust-analyzer: Loading proc-macro schemars_derive built
rust-analyzer: Loading proc-macro zerofrom-derive built
rust-analyzer: Loading proc-macro futures-macro built
rust-analyzer: Loading proc-macro clap_derive built
rust-analyzer: Loading build script uncased run
rust-analyzer: Loading proc-macro displaydoc built
rust-analyzer: Loading proc-macro tracing-attributes built
rust-analyzer: Loading build script figment run
rust-analyzer: Loading proc-macro zerovec-derive built
rust-analyzer: Loading proc-macro serde_derive built
rust-analyzer: Loading build script generic-array run
rust-analyzer: Loading proc-macro typify-macro built
rust-analyzer: Loading proc-macro progenitor-macro built
rust-analyzer: Loading build script aws-lc-sys run
rust-analyzer: Loading build script aws-lc-rs run
rust-analyzer: Loading build script rustls run
2026-08-16T15:38:08.729645-05:00 ERROR Encountered enclosing definition with no name def=Module(Module { id: ModuleIdLt { [salsa id]: Id(4a160) } })
2026-08-16T15:38:09.189143-05:00 ERROR Encountered enclosing definition with no name def=Module(Module { id: ModuleIdLt { [salsa id]: Id(d15b) } })
2026-08-16T15:38:09.203238-05:00 ERROR Encountered enclosing definition with no name def=Module(Module { id: ModuleIdLt { [salsa id]: Id(45db8) } })
2026-08-16T15:38:09.339876-05:00 ERROR Encountered enclosing definition with no name def=Module(Module { id: ModuleIdLt { [salsa id]: Id(78d4) } })
2026-08-16T15:38:09.340582-05:00 ERROR Encountered enclosing definition with no name def=Module(Module { id: ModuleIdLt { [salsa id]: Id(78d4) } })
2026-08-16T15:38:11.003988-05:00 ERROR Bug: definition at crates/sidestep-sdk/src/spec.rs:27:9-27:14 should have been in an SCIP document but was not.
2026-08-16T15:38:11.004088-05:00 ERROR Bug: definition at crates/sidestep-sdk/src/error.rs:2:2-2:22 should have been in an SCIP document but was not.
2026-08-16T15:38:11.004127-05:00 ERROR Bug: definition at crates/sidestep-sdk/src/client.rs:38:23-38:30 should have been in an SCIP document but was not.
2026-08-16T15:38:11.004147-05:00 ERROR Bug: definition at crates/sidestep-sdk/src/error.rs:2:2-2:22 should have been in an SCIP document but was not.

Encountered duplicate scip symbols, indicating an internal rust-analyzer bug. These duplicates are
included in the output, but this causes information lookup to be ambiguous and so information about
these symbols presented by downstream tools may be incorrect.

Known rust-analyzer bugs that can cause this:

  * Definitions in crate example binaries which have the same symbol as definitions in the library
    or some other example.

  * Struct/enum/const/static/impl definitions nested in a function do not mention the function name.
    See #18771.

Duplicate symbols encountered:

crates/sidestep-cli/tests/version.rs:0:0-23:0
  Duplicate symbol: rust-analyzer cargo sidestep-cli 0.1.0 crate/

crates/sidestep-cli/tests/get_search_limit_since.rs:0:0-141:0
  Duplicate symbol: rust-analyzer cargo sidestep-cli 0.1.0 crate/

crates/sidestep-cli/tests/filter.rs:0:0-187:0
  Duplicate symbol: rust-analyzer cargo sidestep-cli 0.1.0 crate/

crates/sidestep-cli/tests/enrich.rs:0:0-305:0
  Duplicate symbol: rust-analyzer cargo sidestep-cli 0.1.0 crate/

crates/sidestep-cli/tests/enrich.rs:12:3-12:10
  Duplicate symbol: rust-analyzer cargo sidestep-cli 0.1.0 fixture().

crates/sidestep-cli/tests/emit.rs:0:0-116:0
  Duplicate symbol: rust-analyzer cargo sidestep-cli 0.1.0 crate/

crates/sidestep-cli/tests/auth_chain.rs:0:0-404:0
  Duplicate symbol: rust-analyzer cargo sidestep-cli 0.1.0 crate/

crates/sidestep-cli/tests/auth_chain.rs:11:7-11:22
  Duplicate symbol: rust-analyzer cargo sidestep-cli 0.1.0 TEMPDIR_COUNTER.

crates/sidestep-cli/tests/auth_chain.rs:13:3-13:10
  Duplicate symbol: rust-analyzer cargo sidestep-cli 0.1.0 tempdir().

crates/sidestep-cli/tests/auth_chain.rs:26:3-26:6
  Duplicate symbol: rust-analyzer cargo sidestep-cli 0.1.0 cmd().

crates/sidestep-cli/tests/audit_v2.rs:0:0-314:0
  Duplicate symbol: rust-analyzer cargo sidestep-cli 0.1.0 crate/

crates/sidestep-cli/tests/audit_v2.rs:18:3-18:15
  Duplicate symbol: rust-analyzer cargo sidestep-cli 0.1.0 fixture_path().

crates/sidestep-cli/tests/audit_v2.rs:22:3-22:10
  Duplicate symbol: rust-analyzer cargo sidestep-cli 0.1.0 fixture().

crates/sidestep-cli/tests/audit_v2.rs:28:7-28:22
  Duplicate symbol: rust-analyzer cargo sidestep-cli 0.1.0 TEMPDIR_COUNTER.

crates/sidestep-cli/tests/audit_v2.rs:30:3-30:10
  Duplicate symbol: rust-analyzer cargo sidestep-cli 0.1.0 tempdir().

crates/sidestep-cli/tests/audit_v2.rs:43:3-43:19
  Duplicate symbol: rust-analyzer cargo sidestep-cli 0.1.0 read_audit_lines().

crates/sidestep-cli/src/main.rs:0:0-1754:0
  Duplicate symbol: rust-analyzer cargo sidestep-cli 0.1.0 crate/

crates/sidestep-cli/src/main.rs:494:29-494:39
  Duplicate symbol: rust-analyzer cargo sidestep-cli 0.1.0 run_filter().

crates/sidestep-cli/src/main.rs:495:29-495:39
  Duplicate symbol: rust-analyzer cargo sidestep-cli 0.1.0 run_enrich().

crates/sidestep-sdk/src/lib.rs:0:0-44:0
  Duplicate symbol: rust-analyzer cargo sidestep-sdk 0.1.0 crate/

Generating SCIP finished 27.4147515s
       27.60 real        56.88 user        24.71 sys
          1844477952  maximum resident set size
                   0  average shared memory size
                   0  average unshared data size
                   0  average unshared stack size
             3689001  page reclaims
               73825  page faults
                   0  swaps
                   0  block input operations
                   0  block output operations
                   0  messages sent
                   0  messages received
                 105  signals received
               11379  voluntary context switches
              378719  involuntary context switches
        120635415392  instructions retired
         44135762255  cycles elapsed
          1810532248  peak memory footprint
