Generating SCIP start...
rust-analyzer: Loading discovering sysroot
rust-analyzer: Loading querying project metadata
rust-analyzer: Loading cargo metadata: started
rust-analyzer: Loading cargo metadata: ?
rust-analyzer: Loading cargo metadata: ?
rust-analyzer: Loading cargo metadata: ?
rust-analyzer: Loading cargo metadata: started
rust-analyzer: Loading cargo metadata: finished
rust-analyzer: Loading cargo metadata: ?
rust-analyzer: Loading cargo metadata: ?
rust-analyzer: Loading cargo metadata: ?
rust-analyzer: Loading cargo metadata: finished
rust-analyzer: Loading build script proc-macro2 run
rust-analyzer: Loading build script quote run
rust-analyzer: Loading build script getrandom run
rust-analyzer: Loading build script thiserror run
rust-analyzer: Loading build script libc run
rust-analyzer: Loading build script rustix run
rust-analyzer: Loading proc-macro thiserror-impl built
2026-08-16T15:32:39.812555-05:00 ERROR Encountered enclosing definition with no name def=Module(Module { id: ModuleIdLt { [salsa id]: Id(5341b) } })
2026-08-16T15:32:39.814078-05:00 ERROR Encountered enclosing definition with no name def=Module(Module { id: ModuleIdLt { [salsa id]: Id(5341c) } })
2026-08-16T15:32:39.814168-05:00 ERROR Encountered enclosing definition with no name def=Module(Module { id: ModuleIdLt { [salsa id]: Id(5341c) } })
2026-08-16T15:32:39.814554-05:00 ERROR Encountered enclosing definition with no name def=Module(Module { id: ModuleIdLt { [salsa id]: Id(5341c) } })
2026-08-16T15:32:39.815344-05:00 ERROR Encountered enclosing definition with no name def=Module(Module { id: ModuleIdLt { [salsa id]: Id(5341d) } })
2026-08-16T15:32:39.815411-05:00 ERROR Encountered enclosing definition with no name def=Module(Module { id: ModuleIdLt { [salsa id]: Id(5341d) } })
2026-08-16T15:32:39.815778-05:00 ERROR Encountered enclosing definition with no name def=Module(Module { id: ModuleIdLt { [salsa id]: Id(5341f) } })
2026-08-16T15:32:39.815855-05:00 ERROR Encountered enclosing definition with no name def=Module(Module { id: ModuleIdLt { [salsa id]: Id(5341f) } })
2026-08-16T15:32:39.816205-05:00 ERROR Encountered enclosing definition with no name def=Module(Module { id: ModuleIdLt { [salsa id]: Id(5341f) } })
2026-08-16T15:32:39.837961-05:00 ERROR Bug: definition at src/notification.rs:6:16-6:21 should have been in an SCIP document but was not.
2026-08-16T15:32:39.838014-05:00 ERROR Bug: definition at src/ids.rs:6:16-6:21 should have been in an SCIP document but was not.
2026-08-16T15:32:39.838022-05:00 ERROR Bug: definition at src/reader.rs:10:29-10:38 should have been in an SCIP document but was not.

Encountered duplicate scip symbols, indicating an internal rust-analyzer bug. These duplicates are
included in the output, but this causes information lookup to be ambiguous and so information about
these symbols presented by downstream tools may be incorrect.

Known rust-analyzer bugs that can cause this:

  * Definitions in crate example binaries which have the same symbol as definitions in the library
    or some other example.

  * Struct/enum/const/static/impl definitions nested in a function do not mention the function name.
    See #18771.

Duplicate symbols encountered:

examples/session_start.rs:0:0-36:0
  Duplicate symbol: rust-analyzer cargo tmux-cmc 0.1.0 crate/

examples/session_start.rs:8:3-8:7
  Duplicate symbol: rust-analyzer cargo tmux-cmc 0.1.0 main().

src/lib.rs:0:0-47:0
  Duplicate symbol: rust-analyzer cargo tmux-cmc 0.1.0 crate/

Generating SCIP finished 2.358734083s
        2.42 real         2.42 user         0.89 sys
           706199552  maximum resident set size
                   0  average shared memory size
                   0  average unshared data size
                   0  average unshared stack size
               99016  page reclaims
                   0  page faults
                   0  swaps
                   0  block input operations
                   0  block output operations
                   0  messages sent
                   0  messages received
                   1  signals received
                  47  voluntary context switches
                6211  involuntary context switches
         35967264284  instructions retired
         10506992543  cycles elapsed
           672187568  peak memory footprint
